15:57:48 **** Build of configuration Debug for project cipher_napoleon ****
make all 
make --no-print-directory pre-build
a9-linaro-pre-build-step
' '
make --no-print-directory main-build
'Building file: ../src/helloworld.c'
'Invoking: ARM v7 gcc compiler'
arm-none-eabi-gcc -Wall -O0 -g3 -c -fmessage-length=0 -MT"src/helloworld.o" -mcpu=cortex-a9 -mfpu=vfpv3 -mfloat-abi=hard -IC:/Users/hevos/Documents/CS4110/VitisIDE/cipher_wrapper/export/cipher_wrapper/sw/cipher_wrapper/standalone_ps7_cortexa9_0/bspinclude/include -MMD -MP -MF"src/helloworld.d" -MT"src/helloworld.o" -o "src/helloworld.o" "../src/helloworld.c"
'Finished building: ../src/helloworld.c'
' '
'Building file: ../src/platform.c'
'Invoking: ARM v7 gcc compiler'
arm-none-eabi-gcc -Wall -O0 -g3 -c -fmessage-length=0 -MT"src/platform.o" -mcpu=cortex-a9 -mfpu=vfpv3 -mfloat-abi=hard -IC:/Users/hevos/Documents/CS4110/VitisIDE/cipher_wrapper/export/cipher_wrapper/sw/cipher_wrapper/standalone_ps7_cortexa9_0/bspinclude/include -MMD -MP -MF"src/platform.d" -MT"src/platform.o" -o "src/platform.o" "../src/platform.c"
'Finished building: ../src/platform.c'
' '
'Building target: cipher_napoleon.elf'
'Invoking: ARM v7 gcc linker'
arm-none-eabi-gcc -mcpu=cortex-a9 -mfpu=vfpv3 -mfloat-abi=hard -Wl,-build-id=none -specs=Xilinx.spec -Wl,-T -Wl,../src/lscript.ld -LC:/Users/hevos/Documents/CS4110/VitisIDE/cipher_wrapper/export/cipher_wrapper/sw/cipher_wrapper/standalone_ps7_cortexa9_0/bsplib/lib -o "cipher_napoleon.elf"  ./src/helloworld.o ./src/platform.o   -Wl,--start-group,-lxil,-lgcc,-lc,--end-group
'Finished building target: cipher_napoleon.elf'
' '
'Invoking: ARM v7 Print Size'
arm-none-eabi-size cipher_napoleon.elf  |tee "cipher_napoleon.elf.size"
   text	   data	    bss	    dec	    hex	filename
  54883	   2548	  22632	  80063	  138bf	cipher_napoleon.elf
'Finished building: cipher_napoleon.elf.size'
' '

15:57:49 Build Finished (took 1s.684ms)

